-- The C compiler identification is GNU 16.2.1
-- The CXX compiler identification is GNU 16.2.1
-- Detecting C compiler ABI info
-- Detecting C compiler ABI info - done
-- Check for working C compiler: /usr/bin/cc - skipped
-- Detecting C compile features
-- Detecting C compile features - done
-- Detecting CXX compiler ABI info
-- Detecting CXX compiler ABI info - done
-- Check for working CXX compiler: /usr/bin/c++ - skipped
-- Detecting CXX compile features
-- Detecting CXX compile features - done
-- Found PkgConfig: /usr/bin/pkg-config (found version "3.0.7")
-- Found Ogg: optimized;/usr/lib/libogg.so;debug;/usr/lib/libogg.so
-- Found Vorbis: optimized;/usr/lib/libvorbis.so;debug;/usr/lib/libvorbis.so
-- Found VorbisFile: optimized;/usr/lib/libvorbisfile.so;debug;/usr/lib/libvorbisfile.so
-- Found clunk: /usr/local/lib/libclunk.so /usr/local/include
-- Found FFmpeg: /usr/lib/libavutil.so;/usr/lib/libavcodec.so;/usr/lib/libavformat.so;/usr/lib/libswscale.so
-- Found ZLIB: /usr/lib/libz.so (found version "1.3.1")
-- Performing Test HAVE_SIMDSSE
-- Performing Test HAVE_SIMDSSE - Success
'git' 'rev-parse' '--abbrev-ref' 'HEAD'
experiment/text-rendering-lab
'git' 'rev-parse' 'HEAD'
8713913f8d608d33c75383af1e3891abc0b590dc
-- Performing Test CMAKE_HAVE_LIBC_PTHREAD
-- Performing Test CMAKE_HAVE_LIBC_PTHREAD - Success
-- Found Threads: TRUE
-- Configuring done (0.5s)
-- Generating done (0.0s)
-- Build files have been written to: /home/stalkerg/projects/vangers-font-baseline/2026-10-06-8713913/build
