
"А что иль кто есть"		", советник?"

[мехос]
"Ты раб его отныне. Мехос - твой слуга, разберись с ним сам..."
"Машина жизни-смерти. Ты можешь в ней пересекать миры - по суше или под водой, летать на ней и ползать под землей..."

[Фострал]
"Мы на нем, на Фострале ныне - это наш мир. Ты не поймешь его не увидав в чем суть Цепи. Иди наверх и ощути Фострал - твой мехос ждет тебя..."
{мехос}
"Фострал - мир элиподов. Здесь пять поясов - на первом, самом нижнем, наш эскэйв - тот самый Подиш, на верхнем - пятом - Инкубатор, второй же и четвертый пояса содержат Коридоры... Их ты должен был заметить сам..."
{элиподы} {эскэйв} {Коридор} {Подиш} {Инкубатор}

[элиподы:Podish]
"Я, Липкий - элипод, ты - отпрыск элипода, но не элипод..."
{Липкий}
"Элиподы - главный биос. Мы обитаем на Фострале - Подиш наш эскэйв. Остальные скоро вымрут, мы же будем вечно здесь..."
{биос} {Фострал} {Подиш} {эскэйв}

[элиподы:Incubator]
"Элиподы - благодетели твои, навозник. А Палец, то есть я, один из них..."
{Палец}
"Элиподы - главный биос. Мы обитаем на Фострале - Подиш наш эскэйв. Остальные скоро вымрут, мы же будем вечно здесь..."
{биос} {Фострал} {Подиш} {эскэйв}

[Липкий:Podish]
"Это я, дурак. Я - Липкий, советник Подиша, Я - Липкий, Липкий я - запомни это, существо, хотя природа обделила разумом тебя, похоже..."
{Подиш}
"Уфффф. Липкий? Кто это такой? Тебе, безмозглому, никак нельзя запомнить это. Липкий - это я..."

[Липкий:Incubator]
"Катафальщик, нельзя иметь столь ржавое мышление. Липкий пестовал тебя..."
"Липкий - звонкая струна в моем стручке, он хозяин мне. А что - ты и впрямь забыл кто это? Хммм, наверное в бою ты был - совсем отшибло память..."
{стручок}

[Подиш:Podish]
"Ты в Подише сейчас, здесь обитает банч наш сокровенный. Здесь ты родился себе на горе, неудачник..."
{банч}
"А где ж по твоему сейчас ты, катафальщик? Совсем ты плох - иди поспи в канаве для тебя уютной, может вспомнишь где ты начал путь..."

[Подиш:Incubator]
"Эскэйв подземный элиподов добрых это - Подиш. Нижний пояс на Фострале даст путь к нему тебе, колесник..."
{эскэйв} {элиподы} {Фострал}
"Ты потерялся, бедный воин. Скорее продавай свой мехос, покупай коляску и наверх - найдешь ты быстро все: и Подиш и себе могилку..."
{мехос}

[эскэйв:Podish]
"Эскэйв - подземное жилище. Я живу в эскэйве Подише к примеру..."
{Подиш}
"Все банчи, что в Цепи, живут в эскэйвах - скрытых городах миров. Здесь ты найдешь приют недолгий, здесь ты купишь и продашь товар, здесь обитаем мы - советники..."
{банч} {Цепь}

[эскэйв:Incubator]
"Эскэйв - подземное жилище банчей. На Фострале есть один эскэйв - то Подиш сокровенный..."
{банч} {Фострал} {Подиш}
"Все банчи, что в Цепи, живут в эскэйвах - скрытых городах миров. Там ты найдешь приют недолгий, там ты купишь и продашь товар иль мехос..."
{банч} {Цепь} {мехос}

[стручок]
"Ты слишком туп для этого, сынок. Забудь про стручки, они не для тебя..."
"Мы, элиподы, живем стручками - это все, что нужно знать тебе пока..."
{элиподы}

[банч]
"Банч? Ты вне любого банча. Ты бибов пожиратель..."
{бибы}
"Все биосы имеют банчи - общины жизни. Все и вся решают банчи - в них смысл жизни..."
{биос}

[Цепь]
"Потерянная Цепь Миров..."
"Фострал - не единственный мир. Есть и другие. Через Коридоры ты можешь выйти в них. Соседи наши - Глоркс и... достаточно с тебя..."
{Фострал} {Коридор} {Глоркс}

[Куклы]
"Тебе об этом рано знать. Ты ранняя букашка для них, для вечных Кукол..."
"Что такое Кукла? Я тоже бы хотел об этом знать побольше. Куклы - это боги Цепи. При их упоминании я весь горю и таю... Дай нам Куклу! Иль привези хотя бы нюхи от нее..."
{Цепь} {нюха}

[бибураты]
"Мерзкие создания. Они похуже циксов во сто крат. Тупые твари Глоркса, мы еще покажем им урок. Они едят эЛиков наших на обед и приправляют нимбосом, подонки... Не вздумай ехать к ним - они сожрут любого элипода лишь завидев его чесалки мокрые. Вандалы жуткие..."
{циксы} {Глоркс} {элиподы} {эЛик} {нимбос}
"Глоркс - мир бибуратов, недостойных жить нигде... Ты лучше бойся их..."
{Глоркс}

[Глоркс]
"Зачем тебе знать что-либо про Глоркс? Считай, что это просто слово, ругательное к тому же..."
"Коридор на Глоркс есть на Фострале. Это водный мир, опасный для прогулок... К несчастью Глоркс есть перекресток всех миров, будь прокляты строители Цепи... А с ними бибураты, порождения ада..."
{Коридор} {Фострал} {Цепь} {бибураты}

[раффа]
"Ты это слово придержи в себе покуда, зелень... Еще увидишь их полно на воле, бедный воин..."
"Не говори про раффа много - эти твари повсюду роют яму элиподам. Ты видел их наверняка - как и они тебя..."
{элиподы}

[кузовки:Podish]
"О, кузовки, что ты знаешь? Ничего... Ты не видел кузовков - а я тебе не покажу своих... Добудь мне парочку - тогда поговорим..."
"Ты только спрашиваешь - а где же сами кузовки? Тебе свои не покажу я ни за что на свете, подхалим..."

[Инкубатор:Podish]
"Святое место для зачатия поэтов норных - элиподов..."
{элиподы}
"Вверху Фострала место это - найти его легко, там обитает Палец..."
{Фострал} {Палец}

[Инкубатор:Incubator]
"Еще один механик заплутал, да, Фострал велик. Что есть Инкубатор? Где он? Он вокруг тебя, колесная козявка, а я и есть тот самый Палец..."
{Фострал} {Палец}
"Ты ныне в нем. Инкубатор - ключевое место элиподов... Отсюда берут начало эЛики сквозные..."
{элиподы} {эЛик}

[биос]
"Биос? Наш биос - самый главный, остальные пыль..."
"Сейчас в Цепи три биоса - мы, элиподы, циксы и обжоры бибураты..."
{Цепь} {элиподы} {циксы} {бибураты}

[нюха]
"Нюха - все, что нужно нам..."
"Ищи ее - мы купим, но не ошибись - лишь Наших Кукол нюха нам нужна..."
{Куклы}

[Палец:Podish]
"Палец - тень моя. Поезжай к нему..."
"Ты разве не был в Инкубаторе, колесник? В одном стручке со мною Палец - чу, я слышу как во флегму окунул он хвост, плутишка..."
{стручок} {Инкубатор} {флегма}

[Палец:Incubator]
"aaa"
"bbb"

[Коридор]
"Коридор? Где ты набрался слов таких?"
"Через Коридоры ты в миры иные попадаешь, путник... На Фострале много Коридоров - например на Глоркс..."
{Фострал} {Глоркс}

[циксы]
"Циксы? Фу какое слово - ты никак желаешь меня позлить им, катафальщик..."
"Циксы, циксы... странные создания... Мы их не любим... Опасайся циксов..."

[эЛик]
"эЛик - лучезарное создание, ты тоже был им, но недолго впрочем..."
"эЛики возникают наверху, в Инкубаторе - и каждый вангер покусившийся на них или обрекший на погибель при Элирекции достоин смерти..."
{вангеры} {Инкубатор} {Элирекция}

[нимбос]
"Твой нимбос никогда не оживет, колесник..."
"За его доставку в Инкубатор с Подиша тебе заплатят элиподы..."
{Подиш} {Инкубатор} {элиподы}

[Элирекция]
"Сей процесс для тебя пока загадка..."
"Ты можешь в ней участвовать и победить - за это мы тебя вознаградим. Лишь убереги своего эЛика, иначе..."
{эЛик}

[вангеры]
"Кто это такие? Ты это спрашиваешь у меня, советника? Хммм... Ну и идиотов приходится мне принимать..."
"Вангер - ты и есть, недотепа. Презренные рабы наружных механизмов. Вы нам служите..."

[флегма]
"Кровь Инкубатора..."
{Инкубатор}
"Слизь для блага элиподов. Мы ей любим натираться и полнеть в тиши подземной..."
{элиподы}

[софти]
"Спроси у циксов-болтунов, кто это - мы не любим байки..."
{циксы}

[криспо]
"Ты вангер или собиратель небылиц про тех, кого уж нет давно? Тебе пора наверх - там быстро выбьют дурь..."
{вангеры}

[Некросс]
"Мы там не бывали. Спроси у вангеров-друзей, коль те найдутся. Или доберись дотуда сам..."
{вангеры}

[Линза]
"Это наша тайна - посредством Линзы мы воспринимаем мир как есть без расстояний... Трепещи, козявка, перед нами - мы знаем все на свете..."

[Икспло]
"Икспло... Ты слишком любознателен, приятель. Икспло для тебя пока лишь слово..."

[Ушедший Биос]
"Хммм... Загадка для Цепи. Мы не очень верим в них..."
{Цепь}

[Жирогон]
"Начало цикла элиподов... Экстаз для стручков и ожидание для старших струн... Нимбоса река..."
{элиподы} {стручки} {нимбос}

[Чавка]
"Эаключительный этап для элиподов в их сакральном цикле. эЛики достигают Подиша и сладострастно чавкать начинают, постепенно принимая в себя струну избранника, прождавшего себе эЛика тело в подсознании стручка..."
{элиподы} {эЛик} {Подиш} {стручки}

[бибы]
"Ты бибов раб, торгаш-колесник. За бибы ты убьешь любого, продажный вангер, такова твоя судьба..."
{вангеры}

[Суп Существ]
"Не ругайся..."

[Конфликт]
"Сказка циксов - к ним ступай..."
{циксы}

[Спираль]
"Часть мехоса любого - позволяет проходить сквозь Коридор к другим мирам. Не забудь, колесник, что Спираль не вечна - наверху ты должен перед входом зарядить ее в специальном месте..."
{мехос} {Коридор}
